// Jest Snapshot v1, https://goo.gl/fbAQLP

exports[`Quotes renders correctly 1`] = `
<ul
  className="quote"
/>
`;
